[backblue.gif]
[fade.gif]
[index.html]
[pixel-industry.com/html/trucking/style-switcher/img/header01.jpg]
[pixel-industry.com/html/trucking/style-switcher/img/header02.jpg]
[pixel-industry.com/html/trucking/style-switcher/img/header03.jpg]
[pixel-industry.com/html/trucking/style-switcher/img/header04.jpg]
[pixel-industry.com/html/trucking/style-switcher/img/header05.jpg]
[pixel-industry.com/html/trucking/style-switcher/img/header06.jpg]
[pixel-industry.com/html/trucking/style-switcher/img/header07.jpg]
[pixel-industry.com/html/trucking/style-switcher/img/layout01.jpg]
[pixel-industry.com/html/trucking/style-switcher/img/layout02.jpg]
[pixel-industry.com/html/trucking/style-switcher/img/layout03.jpg]
[pixel-industry.com/html/trucking/style-switcher/img/layout04.jpg]
[pixel-industry.com/html/trucking/style-switcher/img/layout05.jpg]
[pixel-industry.com/html/trucking/style-switcher/img/layout06.jpg]
[pixel-industry.com/html/trucking/style-switcher/img/layout07.jpg]
[pixel-industry.com/html/trucking/style-switcher/img/layout08.jpg]
[pixel-industry.com/html/trucking/style-switcher/img/layout09.jpg]
[pixel-industry.com/html/trucking/style-switcher/img/layout10.jpg]
[pixel-industry.com/html/trucking/img/logo.png]
[pixel-industry.com/html/trucking/masterslider/blank.gif]
[pixel-industry.com/html/trucking/img/pics/img01.jpg]
[pixel-industry.com/html/trucking/img/pics/img02.jpg]
[pixel-industry.com/html/trucking/img/pics/img03.jpg]
[pixel-industry.com/html/trucking/img/blog/latest01.jpg]
[pixel-industry.com/html/trucking/img/blog/latest02.jpg]
[pixel-industry.com/html/trucking/img/pics/locations.jpg]
[pixel-industry.com/html/trucking/img/pics/client01.png]
[pixel-industry.com/html/trucking/img/pics/client02.png]
[pixel-industry.com/html/trucking/img/pics/client03.png]
[pixel-industry.com/html/trucking/img/pics/client04.png]
[pixel-industry.com/html/trucking/img/pics/client05.png]
[pixel-industry.com/html/trucking/img/pics/client06.png]
[pixel-industry.com/html/trucking/js/jquery-2.1.4.min.js]
[pixel-industry.com/html/trucking/js/bootstrap.min.js]
[pixel-industry.com/html/trucking/js/jquery.srcipts.min.js]
[pixel-industry.com/html/trucking/owl-carousel/owl.carousel.min.js]
[pixel-industry.com/html/trucking/masterslider/masterslider.min.js]
[pixel-industry.com/html/trucking/js/jquery.matchHeight-min.js]
[pixel-industry.com/html/trucking/js/jquery.dlmenu.min.js]
[pixel-industry.com/html/trucking/style-switcher/styleSwitcher.js]
[pixel-industry.com/html/trucking/js/include.js]
[pixel-industry.com/html/trucking/index.html]
[pixel-industry.com/html/trucking/css/bootstrap.css]
[pixel-industry.com/html/trucking/masterslider/style/loading-2.gif]
[pixel-industry.com/html/trucking/masterslider/style/grab.png]
[pixel-industry.com/html/trucking/masterslider/style/grabbing.png]
[pixel-industry.com/html/trucking/masterslider/style/video-close-btn.png]
[pixel-industry.com/html/trucking/masterslider/style/masterslider.css]
[pixel-industry.com/html/trucking/masterslider/skins/default/light-skin-1.png]
[pixel-industry.com/html/trucking/masterslider/skins/default/light-skin-1-retina.png]
[pixel-industry.com/html/trucking/masterslider/skins/default/style.css]
[pixel-industry.com/html/trucking/css/animate.css]
[pixel-industry.com/html/trucking/img/nivo-prev-nav.png]
[pixel-industry.com/html/trucking/img/nivo-next-nav.png]
[pixel-industry.com/html/trucking/owl-carousel/owl.carousel.css]
[pixel-industry.com/html/trucking/img/search.png]
[pixel-industry.com/html/trucking/img/pics/page-title01.jpg]
[pixel-industry.com/html/trucking/img/pics/page-title02.jpg]
[pixel-industry.com/html/trucking/img/pics/page-title03.jpg]
[pixel-industry.com/html/trucking/img/pics/page-title04.jpg]
[pixel-industry.com/html/trucking/img/pics/page-title05.jpg]
[pixel-industry.com/html/trucking/img/pics/page-title06.jpg]
[pixel-industry.com/html/trucking/img/pics/page-title07.jpg]
[pixel-industry.com/html/trucking/img/pics/page-title08.jpg]
[pixel-industry.com/html/trucking/img/pics/page-title09.jpg]
[pixel-industry.com/html/trucking/img/pics/page-title10.jpg]
[pixel-industry.com/html/trucking/img/pics/page-title11.jpg]
[pixel-industry.com/html/trucking/img/pics/page-title12.jpg]
[pixel-industry.com/html/trucking/img/pics/page-title13.jpg]
[pixel-industry.com/html/trucking/img/pics/page-title14.jpg]
[pixel-industry.com/html/trucking/img/pics/page-title15.jpg]
[pixel-industry.com/html/trucking/img/pics/page-title16.jpg]
[pixel-industry.com/html/trucking/img/pics/img-bkg01.jpg]
[pixel-industry.com/html/trucking/img/pics/img-bkg02.jpg]
[pixel-industry.com/html/trucking/img/pics/img-bkg03.jpg]
[pixel-industry.com/html/trucking/img/pics/parallax01.jpg]
[pixel-industry.com/html/trucking/img/pics/parallax02.jpg]
[pixel-industry.com/html/trucking/img/pics/parallax03.jpg]
[pixel-industry.com/html/trucking/img/pics/parallax04.jpg]
[pixel-industry.com/html/trucking/img/pics/parallax05.jpg]
[pixel-industry.com/html/trucking/img/accordion-closed.png]
[pixel-industry.com/html/trucking/img/accordion-opened.png]
[pixel-industry.com/html/trucking/img/pics/promo01.jpg]
[pixel-industry.com/html/trucking/img/pics/promo02.jpg]
[pixel-industry.com/html/trucking/img/tracking-arrow.png]
[pixel-industry.com/html/trucking/img/blog/reply.png]
[pixel-industry.com/html/trucking/img/arrow.png]
[pixel-industry.com/html/trucking/img/subscribe.png]
[pixel-industry.com/html/trucking/img/footer-bkg.png]
[pixel-industry.com/html/trucking/img/to-top.png]
[pixel-industry.com/html/trucking/css/style.css]
[pixel-industry.com/html/trucking/css/color-default.css]
[pixel-industry.com/html/trucking/img/accordion-closed@2x.png]
[pixel-industry.com/html/trucking/img/accordion-opened@2x.png]
[pixel-industry.com/html/trucking/img/arrow@2x.png]
[pixel-industry.com/html/trucking/img/tracking-arrow@2x.png]
[pixel-industry.com/html/trucking/img/nivo-events@2x.png]
[pixel-industry.com/html/trucking/img/nivo-next-nav@2x.png]
[pixel-industry.com/html/trucking/img/nivo-prev-nav@2x.png]
[pixel-industry.com/html/trucking/img/search@2x.png]
[pixel-industry.com/html/trucking/img/subscribe@2x.png]
[pixel-industry.com/html/trucking/img/to-top@2x.png]
[pixel-industry.com/html/trucking/css/retina.css]
[pixel-industry.com/html/trucking/css/responsive.css]
[pixel-industry.com/html/trucking/icon-fonts/font-awesome-4.3.0/fonts/fontawesome-webfonte0a5.eot]
[pixel-industry.com/html/trucking/icon-fonts/font-awesome-4.3.0/fonts/fontawesome-webfontd41d.eot]
[pixel-industry.com/html/trucking/icon-fonts/font-awesome-4.3.0/fonts/fontawesome-webfonte0a5.woff2]
[pixel-industry.com/html/trucking/icon-fonts/font-awesome-4.3.0/fonts/fontawesome-webfonte0a5.woff]
[pixel-industry.com/html/trucking/icon-fonts/font-awesome-4.3.0/fonts/fontawesome-webfonte0a5.ttf]
[pixel-industry.com/html/trucking/icon-fonts/font-awesome-4.3.0/css/font-awesome.min.css]
[pixel-industry.com/html/trucking/style-switcher/styleSwitcher.css]
[pixel-industry.com/html/trucking/index-2.html]
[pixel-industry.com/html/trucking/style-switcher/img/logo.png]
[pixel-industry.com/html/trucking/img/en.png]
[pixel-industry.com/html/trucking/img/de.png]
[pixel-industry.com/html/trucking/img/it.png]
[pixel-industry.com/html/trucking/header-default-top-bar.html]
[pixel-industry.com/html/trucking/img/pics/illustration02.png]
[pixel-industry.com/html/trucking/img/pics/illustration03.png]
[pixel-industry.com/html/trucking/img/pics/brochure03.jpg]
[pixel-industry.com/html/trucking/index08.html]
[pixel-industry.com/html/trucking/header-simple-dark-bar.html]
[pixel-industry.com/html/trucking/img/logo-light.png]
[pixel-industry.com/html/trucking/header-simple-dark.html]
[pixel-industry.com/html/trucking/header-menu-bottom.html]
[pixel-industry.com/html/trucking/header-menu-bottom-dark.html]
[pixel-industry.com/html/trucking/img/pics/brochure01.jpg]
[pixel-industry.com/html/trucking/img/pics/img04.jpg]
[pixel-industry.com/html/trucking/img/pics/img05.jpg]
[pixel-industry.com/html/trucking/img/pics/img06.jpg]
[pixel-industry.com/html/trucking/img/pics/img07.jpg]
[pixel-industry.com/html/trucking/img/pics/img08.jpg]
[pixel-industry.com/html/trucking/img/pics/img09.jpg]
[pixel-industry.com/html/trucking/img/pics/img10.jpg]
[pixel-industry.com/html/trucking/index02.html]
[pixel-industry.com/html/trucking/img/pics/img11.jpg]
[pixel-industry.com/html/trucking/img/pics/illustration01.png]
[pixel-industry.com/html/trucking/img/blog/latest03.jpg]
[pixel-industry.com/html/trucking/img/pics/team01.jpg]
[pixel-industry.com/html/trucking/img/pics/team02.jpg]
[pixel-industry.com/html/trucking/img/pics/team03.jpg]
[pixel-industry.com/html/trucking/index03.html]
[pixel-industry.com/html/trucking/img/pics/img34.jpg]
[pixel-industry.com/html/trucking/index04.html]
[pixel-industry.com/html/trucking/img/pics/img13.jpg]
[pixel-industry.com/html/trucking/img/pics/img14.jpg]
[pixel-industry.com/html/trucking/img/pics/img15.jpg]
[pixel-industry.com/html/trucking/img/pics/interactive-map.png]
[pixel-industry.com/html/trucking/img/pics/map-2.jpg]
[pixel-industry.com/html/trucking/img/pics/map-1.jpg]
[pixel-industry.com/html/trucking/img/pics/map-3.jpg]
[pixel-industry.com/html/trucking/img/pics/map-4.jpg]
[pixel-industry.com/html/trucking/index05.html]
[pixel-industry.com/html/trucking/index06.html]
[pixel-industry.com/html/trucking/img/pics/img16.jpg]
[pixel-industry.com/html/trucking/img/pics/img17.jpg]
[pixel-industry.com/html/trucking/img/pics/img45.jpg]
[pixel-industry.com/html/trucking/img/pics/img19.jpg]
[pixel-industry.com/html/trucking/img/pics/img18.jpg]
[pixel-industry.com/html/trucking/img/pics/img20.jpg]
[pixel-industry.com/html/trucking/js/jquery.magnific-popup.min.js]
[pixel-industry.com/html/trucking/js/portfolio.js]
[pixel-industry.com/html/trucking/js/jquery.countTo.js]
[pixel-industry.com/html/trucking/index07.html]
[pixel-industry.com/html/trucking/index09.html]
[pixel-industry.com/html/trucking/index10.html]
[pixel-industry.com/html/trucking/about01.html]
[pixel-industry.com/html/trucking/img/pics/img25.jpg]
[pixel-industry.com/html/trucking/about02.html]
[pixel-industry.com/html/trucking/img/pics/brochure02.jpg]
[pixel-industry.com/html/trucking/trucking_brochure.pdf]
[pixel-industry.com/html/trucking/about03.html]
[pixel-industry.com/html/trucking/simple-page-title.html]
[pixel-industry.com/html/trucking/img/pics/history01.jpg]
[pixel-industry.com/html/trucking/img/pics/history02.jpg]
[pixel-industry.com/html/trucking/img/pics/history03.jpg]
[pixel-industry.com/html/trucking/js/jquery.nivo.slider.pack.js]
[pixel-industry.com/html/trucking/company-history.html]
[pixel-industry.com/html/trucking/img/pics/img37.jpg]
[pixel-industry.com/html/trucking/img/pics/img27.jpg]
[pixel-industry.com/html/trucking/events.html]
[pixel-industry.com/html/trucking/clients.html]
[pixel-industry.com/html/trucking/img/pics/img41.jpg]
[pixel-industry.com/html/trucking/careers.html]
[pixel-industry.com/html/trucking/driver-application.html]
[pixel-industry.com/html/trucking/img/pics/img32.jpg]
[pixel-industry.com/html/trucking/img/pics/img33.jpg]
[pixel-industry.com/html/trucking/services01.html]
[pixel-industry.com/html/trucking/services02.html]
[pixel-industry.com/html/trucking/overland-transportation.html]
[pixel-industry.com/html/trucking/img/pics/img28.jpg]
[pixel-industry.com/html/trucking/air-freight.html]
[pixel-industry.com/html/trucking/img/pics/img29.jpg]
[pixel-industry.com/html/trucking/img/pics/img30.jpg]
[pixel-industry.com/html/trucking/ocean-freight.html]
[pixel-industry.com/html/trucking/img/pics/img31.jpg]
[pixel-industry.com/html/trucking/large-projects.html]
[pixel-industry.com/html/trucking/img/pics/img39.jpg]
[pixel-industry.com/html/trucking/img/pics/img38.jpg]
[pixel-industry.com/html/trucking/rail-transportation.html]
[pixel-industry.com/html/trucking/img/pics/img26.jpg]
[pixel-industry.com/html/trucking/contract-logistics.html]
[pixel-industry.com/html/trucking/img/pics/warehouse.jpg]
[pixel-industry.com/html/trucking/warehousing.html]
[pixel-industry.com/html/trucking/img/pics/img36.jpg]
[pixel-industry.com/html/trucking/supply-chain-management.html]
[pixel-industry.com/html/trucking/img/pics/img35.jpg]
[pixel-industry.com/html/trucking/img/pics/packaging.jpg]
[pixel-industry.com/html/trucking/packaging-options.html]
[pixel-industry.com/html/trucking/img/pics/img40.jpg]
[pixel-industry.com/html/trucking/consulting-services.html]
[pixel-industry.com/html/trucking/news-list.html]
[pixel-industry.com/html/trucking/img/blog/masonry01.jpg]
[pixel-industry.com/html/trucking/img/blog/masonry03.jpg]
[pixel-industry.com/html/trucking/img/blog/masonry04.jpg]
[pixel-industry.com/html/trucking/img/blog/masonry05.jpg]
[pixel-industry.com/html/trucking/img/blog/masonry06.jpg]
[pixel-industry.com/html/trucking/img/blog/masonry07.jpg]
[pixel-industry.com/html/trucking/img/blog/masonry08.jpg]
[pixel-industry.com/html/trucking/img/blog/masonry09.jpg]
[pixel-industry.com/html/trucking/js/jquery.isotope.min.js]
[pixel-industry.com/html/trucking/sharre/jquery.sharrre-1.3.4.min.js]
[pixel-industry.com/html/trucking/news-masonry.html]
[pixel-industry.com/html/trucking/img/blog/post-img01.jpg]
[pixel-industry.com/html/trucking/img/blog/post-img03.jpg]
[pixel-industry.com/html/trucking/img/blog/post-img04.jpg]
[pixel-industry.com/html/trucking/img/blog/post-img05.jpg]
[pixel-industry.com/html/trucking/img/blog/post-img06.jpg]
[pixel-industry.com/html/trucking/img/blog/post-img07.jpg]
[pixel-industry.com/html/trucking/img/blog/post-img08.jpg]
[pixel-industry.com/html/trucking/img/blog/post-img09.jpg]
[pixel-industry.com/html/trucking/news-standard.html]
[pixel-industry.com/html/trucking/img/blog/avatar01.png]
[pixel-industry.com/html/trucking/img/blog/avatar02.png]
[pixel-industry.com/html/trucking/news-single.html]
[pixel-industry.com/html/trucking/img/pics/img21.jpg]
[pixel-industry.com/html/trucking/img/pics/img42.jpg]
[pixel-industry.com/html/trucking/img/pics/img43.jpg]
[pixel-industry.com/html/trucking/img/pics/img44.jpg]
[pixel-industry.com/html/trucking/gallery01.html]
[pixel-industry.com/html/trucking/gallery02.html]
[pixel-industry.com/html/trucking/js/jquery.ui.map.full.min.js]
[pixel-industry.com/html/trucking/img/pin.png]
[pixel-industry.com/html/trucking/locations.html]
[pixel-industry.com/html/trucking/contact-simple.html]
[pixel-industry.com/html/trucking/contact-locations.html]
[pixel-industry.com/html/trucking/img/svg/pi-checklist-2.svg]
[pixel-industry.com/html/trucking/img/svg/pi-globe-5.svg]
[pixel-industry.com/html/trucking/img/svg/pi-forklift-truck-5.svg]
[pixel-industry.com/html/trucking/img/svg/pi-touch-desktop.svg]
[pixel-industry.com/html/trucking/img/svg/pi-cargo-box-2.svg]
[pixel-industry.com/html/trucking/img/svg/pi-mark-energy.svg]
[pixel-industry.com/html/trucking/img/svg/pi-food-beverage.svg]
[pixel-industry.com/html/trucking/img/svg/pi-cargo-retail.svg]
[pixel-industry.com/html/trucking/img/svg/pi-truck-8.svg]
[pixel-industry.com/html/trucking/www.pixel-industry.html]
[pixel-industry.com/html/trucking/icon-fonts/font-awesome-4.3.0/fonts/fontawesome-webfonte0a5.svg]
[pixel-industry.com/html/trucking/img/slidervideo-bg.html]
[pixel-industry.com/html/trucking/img/svg/pi-forklift-truck-4.svg]
[pixel-industry.com/html/trucking/css/magnific-popup.css]
[pixel-industry.com/html/trucking/img/bullets.png]
[pixel-industry.com/html/trucking/img/nivo-events.png]
[pixel-industry.com/html/trucking/css/nivo-slider.css]
